// Vitest Snapshot v1, https://vitest.dev/guide/snapshot.html

exports[`SongTitle > matchs snapshot 1`] = `
<div>
  <div
    class="flex flex-col text-start p-4 dark:"
  >
    <p
      class="font-bold text-text"
    >
      Painted in Blue
    </p>
    <p
      class="font-light text-text"
    >
      Soul Canvas
    </p>
  </div>
</div>
`;
